// Jest Snapshot v1, https://goo.gl/fbAQLP

exports[`Callout block renders callout with emoji and children 1`] = `
<div>
  <div
    class="reark-callout reark-callout--custom"
    style="background-color: rgb(217, 245, 214); border: 1px solid #8ee085; border-radius: 8px;"
  >
    <div
      class="reark-callout__emoji"
    >
      üòá
    </div>
    <div
      class="reark-callout__content"
    >
      <div
        class="reark-comment reark-comment--leaf"
        data-comment-ids="7500751511807328290,7500745624808063009"
      >
        <div
          class="reark-block"
        >
          <div
            class="reark-heading reark-heading--3"
            style="text-align: left;"
          >
            <span
              class=""
            >
              „Ç≥„Éº
            </span>
            <span
              class=""
            >
              „É´
            </span>
            <span
              class=""
            >
              „Ç¢
            </span>
            <span
              class=""
            >
              „Ç¶„Éà
            </span>
          </div>
        </div>
      </div>
      <div
        class="reark-block"
      >
        <div
          class="reark-unordered-list"
        >
          <div
            class="reark-text-block"
            style="text-align: left;"
          >
            <span
              class="reark-text"
            >
              „Éç„Çπ„Éà
            </span>
          </div>
        </div>
      </div>
    </div>
  </div>
</div>
`;
