// Jest Snapshot v1, https://goo.gl/fbAQLP

exports[`Divider block renders divider element 1`] = `
<div>
  <hr
    class="reark-divider"
  />
</div>
`;
