// Jest Snapshot v1, https://goo.gl/fbAQLP

exports[`TableCell block renders table cell and unsupported child 1`] = `
<div>
  <div>
    <div
      class="reark-unsupported-block"
    >
      <strong>
        Unsupported block type: 
        96
      </strong>
    </div>
  </div>
</div>
`;
