// Jest Snapshot v1, https://goo.gl/fbAQLP

exports[`LarkRenderer 属性バリエーション: 斜体のみ textブロック: 斜体のみ 1`] = `
<div>
  <div
    class="reark-block"
  >
    <div
      class="reark-text-block"
      style="text-align: left;"
    >
      <span
        class="reark-text--italic reark-text"
      >
        斜体のみ
      </span>
    </div>
  </div>
</div>
`;
