// Jest Snapshot v1, https://goo.gl/fbAQLP

exports[`LarkRenderer 異常系: textプロパティ欠損 textプロパティが存在しないブロックもレンダリングできる 1`] = `
<div>
  <div
    class="reark-block"
  >
    <div>
      <h1>
        Something went wrong.
      </h1>
      <p>
        We are working to fix this issue. Please try again later.
      </p>
    </div>
  </div>
</div>
`;
