// Jest Snapshot v1, https://goo.gl/fbAQLP

exports[`LarkRenderer 複合ケース: 複数ブロック混在 text, heading, bullet, table など複数ブロックを同時にレンダリングできる 1`] = `
<div>
  <div
    class="reark-block"
  >
    <div
      class="reark-page"
    >
      <div
        class="reark-page-title"
      >
        <div
          class="reark-text-block"
          style="text-align: left;"
        />
      </div>
      <div
        class="reark-block"
      >
        <div
          class="reark-text-block"
          style="text-align: left;"
        >
          <span
            class="reark-text"
          >
            複合テスト用テキスト
          </span>
        </div>
      </div>
      <div
        class="reark-block"
      >
        <div
          class="reark-heading reark-heading--1"
        >
          <div
            class="reark-text-block"
            style="text-align: left;"
          >
            <span
              class="reark-text--bold reark-text"
            >
              見出し複合
            </span>
          </div>
        </div>
      </div>
      <div
        class="reark-block"
      >
        <div
          class="reark-unordered-list"
        >
          <div
            class="reark-text-block"
            style="text-align: left;"
          >
            <span
              class="reark-text"
            >
              リスト複合
            </span>
          </div>
        </div>
      </div>
      <div
        class="reark-unsupported-block"
      >
        <strong>
          Unsupported block type: 
          18
        </strong>
      </div>
    </div>
  </div>
</div>
`;
