// Jest Snapshot v1, https://goo.gl/fbAQLP

exports[`LarkRenderer 入れ子構造: 10段ネストのbulletリスト 10段ネストのbulletリストをレンダリングできる 2`] = `
<div>
  <div
    class="reark-block"
  >
    <div
      class="reark-unordered-list"
    >
      <div
        class="reark-text-block"
        style="text-align: left;"
      >
        <span
          class="reark-text"
        >
          ネスト0
        </span>
      </div>
      <div
        class="reark-block"
      >
        <div
          class="reark-unordered-list"
        >
          <div
            class="reark-text-block"
            style="text-align: left;"
          >
            <span
              class="reark-text"
            >
              ネスト1
            </span>
          </div>
          <div
            class="reark-block"
          >
            <div
              class="reark-unordered-list"
            >
              <div
                class="reark-text-block"
                style="text-align: left;"
              >
                <span
                  class="reark-text"
                >
                  ネスト2
                </span>
              </div>
              <div
                class="reark-block"
              >
                <div
                  class="reark-unordered-list"
                >
                  <div
                    class="reark-text-block"
                    style="text-align: left;"
                  >
                    <span
                      class="reark-text"
                    >
                      ネスト3
                    </span>
                  </div>
                  <div
                    class="reark-block"
                  >
                    <div
                      class="reark-unordered-list"
                    >
                      <div
                        class="reark-text-block"
                        style="text-align: left;"
                      >
                        <span
                          class="reark-text"
                        >
                          ネスト4
                        </span>
                      </div>
                      <div
                        class="reark-block"
                      >
                        <div
                          class="reark-unordered-list"
                        >
                          <div
                            class="reark-text-block"
                            style="text-align: left;"
                          >
                            <span
                              class="reark-text"
                            >
                              ネスト5
                            </span>
                          </div>
                          <div
                            class="reark-block"
                          >
                            <div
                              class="reark-unordered-list"
                            >
                              <div
                                class="reark-text-block"
                                style="text-align: left;"
                              >
                                <span
                                  class="reark-text"
                                >
                                  ネスト6
                                </span>
                              </div>
                              <div
                                class="reark-block"
                              >
                                <div
                                  class="reark-unordered-list"
                                >
                                  <div
                                    class="reark-text-block"
                                    style="text-align: left;"
                                  >
                                    <span
                                      class="reark-text"
                                    >
                                      ネスト7
                                    </span>
                                  </div>
                                  <div
                                    class="reark-block"
                                  >
                                    <div
                                      class="reark-unordered-list"
                                    >
                                      <div
                                        class="reark-text-block"
                                        style="text-align: left;"
                                      >
                                        <span
                                          class="reark-text"
                                        >
                                          ネスト8
                                        </span>
                                      </div>
                                      <div
                                        class="reark-block"
                                      >
                                        <div
                                          class="reark-unordered-list"
                                        >
                                          <div
                                            class="reark-text-block"
                                            style="text-align: left;"
                                          >
                                            <span
                                              class="reark-text"
                                            >
                                              ネスト9
                                            </span>
                                          </div>
                                        </div>
                                      </div>
                                    </div>
                                  </div>
                                </div>
                              </div>
                            </div>
                          </div>
                        </div>
                      </div>
                    </div>
                  </div>
                </div>
              </div>
            </div>
          </div>
        </div>
      </div>
    </div>
  </div>
</div>
`;
