// Jest Snapshot v1, https://goo.gl/fbAQLP

exports[`LarkRenderer 異常系: 不正なblock_type 未知のblock_typeを含む場合もUnsupportedBlockとしてレンダリングされる 2`] = `
<div>
  <div
    class="reark-unsupported-block"
  >
    <strong>
      Unsupported block type: 
      9999
    </strong>
  </div>
</div>
`;
