// Jest Snapshot v1, https://goo.gl/fbAQLP

exports[`LarkRenderer パフォーマンス: 1000個のtextブロック 大量のblocksでもレンダリングできる 1`] = `
<div>
  <div
    class="reark-block"
  >
    <div
      class="reark-text-block"
      style="text-align: left;"
    >
      <span
        class="reark-text"
      >
        テキスト0
      </span>
    </div>
  </div>
</div>
`;
