// Jest Snapshot v1, https://goo.gl/fbAQLP

exports[`LarkRenderer 異常系: childrenプロパティ欠損 childrenプロパティが存在しないブロックもレンダリングできる 1`] = `
<div>
  <div
    class="reark-block"
  >
    <div
      class="reark-text-block"
      style="text-align: left;"
    >
      <span
        class="reark-text"
      >
        children欠損
      </span>
    </div>
  </div>
</div>
`;
