// Jest Snapshot v1, https://goo.gl/fbAQLP

exports[`LarkRenderer 属性バリエーション: 組み合わせ違い textブロック: 太字＋下線、斜体＋打消し、インラインコード＋コメント付き 1`] = `
<div>
  <div
    class="reark-block"
  >
    <div
      class="reark-text-block"
      style="text-align: left;"
    >
      <span
        class="reark-text--bold reark-text--underline reark-text"
      >
        太字＋下線
      </span>
      <span
        class="reark-text--italic reark-text--strikethrough reark-text"
      >
        斜体＋打消し
      </span>
      <div
        class="reark-comment"
        data-comment-ids="c2"
      >
        <span
          class="reark-text--inline-code reark-text"
        >
          インラインコード＋コメント付き
        </span>
      </div>
    </div>
  </div>
</div>
`;
