// Jest Snapshot v1, https://goo.gl/fbAQLP

exports[`LarkRenderer 属性バリエーション: コメント＋斜体 textブロック: コメント＋斜体 2`] = `
<div>
  <div
    class="reark-block"
  >
    <div
      class="reark-text-block"
      style="text-align: left;"
    >
      <div
        class="reark-comment"
        data-comment-ids="c4"
      >
        <span
          class="reark-text--italic reark-text"
        >
          コメント＋斜体
        </span>
      </div>
    </div>
  </div>
</div>
`;
