// Jest Snapshot v1, https://goo.gl/fbAQLP

exports[`LarkRenderer 属性バリエーション複合 textブロック: 太字・斜体・下線・打消し・インラインコード・コメント付き 1`] = `
<div>
  <div
    class="reark-block"
  >
    <div
      class="reark-text-block"
      style="text-align: left;"
    >
      <span
        class="reark-text--bold reark-text"
      >
        太字
      </span>
      <span
        class="reark-text--italic reark-text"
      >
        斜体
      </span>
      <span
        class="reark-text--underline reark-text"
      >
        下線
      </span>
      <span
        class="reark-text--strikethrough reark-text"
      >
        打消し
      </span>
      <span
        class="reark-text--inline-code reark-text"
      >
        インラインコード
      </span>
      <div
        class="reark-comment"
        data-comment-ids="c1"
      >
        <span
          class="reark-text"
        >
          コメント付き
        </span>
      </div>
    </div>
  </div>
</div>
`;
