// Jest Snapshot v1, https://goo.gl/fbAQLP

exports[`LarkRenderer 属性バリエーション: 太字のみ textブロック: 太字のみ 2`] = `
<div>
  <div
    class="reark-block"
  >
    <div
      class="reark-text-block"
      style="text-align: left;"
    >
      <span
        class="reark-text--bold reark-text"
      >
        太字のみ
      </span>
    </div>
  </div>
</div>
`;
